{
  "aio": {
    "master": {
      "uncompressed": {
        "runtime": 4454,
        "main": 463521,
        "polyfills": 55658,
        "styles": 70486,
        "light-theme": 77646,
        "dark-theme": 77764
      }
    }
  },
  "aio-local": {
    "master": {
      "uncompressed": {
        "runtime": 4454,
        "main": 462958,
        "polyfills": 55807,
        "styles": 70486,
        "light-theme": 77646,
        "dark-theme": 77764
      }
    }
  }
}
